========================================================================
Stdlib Compilation Benchmark — task new/2
========================================================================
Compiler : new
Run      : 2
Job ID   : 1642133 (task 2)
Node     : cn58
sac2c    : /home/rhensen/sac2c/build_p/sac2c_p
Stdlib   : /home/rhensen/Stdlib
Targets  : seq;mt_pth
Build    : make
CPUs     : 4
Mem cap  : 14G
Time cap : 02:00:00
========================================================================
Collecting environment metadata...
Using temp build root: /scratch/rhensen
Starting timed clean build (cmake + make -j 4)...
----- last 60 lines of build log -----
  
  := or += expected
/home/rhensen/.sac2crc/sac2crc.debug.prelude:7:1-10: error:
  6. target default_sbi :: add_local:
  7. efault_sbi :: add_local:
     ~~~~~~~~~~
  
  := or += expected
/home/rhensen/.sac2crc/sac2crc.debug.prelude:7:24: error:
  6. target default_sbi :: add_local:
  7. efault_sbi :: add_local:
                            ↑
  
  target expected
/home/rhensen/.sac2crc/sac2crc.debug.prelude:7:24: error:
  6. target default_sbi :: add_local:
  7. efault_sbi :: add_local:
                            ↑
  
  target expected
[0mFound an existing sac2crc package file[0m
[0mDifference detected, backing up old file[0m
Compilation failed while initial, 4 error(s).
Compilation failed while initial, 4 error(s).
make[4]: *** [src-seq/CMakeFiles/seq-module-MathArray.dir/build.make:74: lib/host/seq/libMathArrayMod.so] Error 255
make[3]: *** [CMakeFiles/Makefile2:375: src-seq/CMakeFiles/seq-module-MathArray.dir/all] Error 2
make[4]: *** [src-seq/CMakeFiles/seq-module-Math.dir/build.make:74: lib/host/seq/libMathMod.so] Error 255
make[3]: *** Waiting for unfinished jobs....
-- Creating sac2crc package file
[  3%] [34m[1mBuilding module `Vector3f' for target `seq'[0m
make[3]: *** [CMakeFiles/Makefile2:349: src-seq/CMakeFiles/seq-module-Math.dir/all] Error 2
/home/rhensen/.sac2crc/sac2crc.release.prelude:7:1-10: error:
  6. target default_sbi :: add_local:
  7. efault_sbi :: add_local:
     ~~~~~~~~~~
  
  := or += expected
/home/rhensen/.sac2crc/sac2crc.release.prelude:7:24: error:
  6. target default_sbi :: add_local:
  7. efault_sbi :: add_local:
                            ↑
  
  target expected
/home/rhensen/.sac2crc/sac2crc.debug.prelude:7:1-10: error:
  6. target default_sbi :: add_local:
  7. efault_sbi :: add_local:
     ~~~~~~~~~~
  
  := or += expected
/home/rhensen/.sac2crc/sac2crc.debug.prelude:7:24: error:
  6. target default_sbi :: add_local:
  7. efault_sbi :: add_local:
                            ↑
  
  target expected
[  3%] Built target create-sac2crc-file
Compilation failed while initial, 4 error(s).
make[4]: *** [src-seq/CMakeFiles/seq-module-Vector3f.dir/build.make:74: lib/host/seq/libVector3fMod.so] Error 255
make[3]: *** [CMakeFiles/Makefile2:1883: src-seq/CMakeFiles/seq-module-Vector3f.dir/all] Error 2
make[2]: *** [Makefile:156: all] Error 2
--------------------------------------

========================================================================
Result: ERROR (exit 2)
Peak RSS              : 30380 kB
Record written to     : /home/rhensen/stdlib-bench-sac/results/stdlib-new-2.json
========================================================================
